[
    {
        "name" : "map",
        "exec" : {
            "path": "file://python:python.nexe",
            "env" : {
                "MAP_CHUNK_SIZE": "100485700"
            },
            "args": "map.py"
        },
        "connect" : [ "red", "map" ],
        "file_list" : [
        {
            "device" : "stdin",
            "path"   : "swift://g_115507837688591025035/mapreduce/input/*input.txt"
        },
        {
            "device": "stderr",
            "content_type": "text/plain"
        },
        {
            "device" : "python"
        }
        ]
    },
    {
        "name" : "red",
        "exec" : {
            "path": "file://python:python.nexe",
            "env" : {
            },
            "args": "reduce.py"
        },
        "file_list" :
        [
        {
            "device" : "stdout",
            "path"   : "swift://g_115507837688591025035/mapreduce/output/*.txt",
            "content_type": "text/plain"
        },
        {
            "device": "stderr",
            "content_type": "text/plain"
        },
        {
            "device" : "python"
        }
        ],
        "count": 4,
        "replicate": 0
    }
]
